Starting processing of '\ProjectWithErrors\output.binlog'...
Starting extraction of log entries...
Opening binary log file...
Opened binary log file.
Processing records...
Found error record.
Type: Error
Code: CS0029
Message: Cannot implicitly convert type 'string' to 'int'
File path: \TestSupportProjects\ProjectWithErrors\Program.cs
Line Number: 1
Found error record.
Type: Error
Code: CS0029
Message: Cannot implicitly convert type 'int' to 'string'
File path: \TestSupportProjects\ProjectWithErrors\Program.cs
Line Number: 2
Processed N record(s).
Completed extraction in elapsed time.
Found 2 error(s) and 0 warning(s).
Generating Badge report...
Generated report in elapsed time.
Saving report to \ProjectWithErrors.
Saved report.
Generating Html report...
Generated report in elapsed time.
Saving report to \ProjectWithErrors.
Saved report.
Generating Json report...
Generated report in elapsed time.
Saving report to \ProjectWithErrors.
Saved report.
Generating Markdown report...
Generated report in elapsed time.
Saving report to \ProjectWithErrors.
Saved report.
Generating Xml report...
Generated report in elapsed time.
Saving report to \ProjectWithErrors.
Saved report.
Completed processing in elapsed time.
