Starting processing of '\ProjectWithWarnings\output.binlog'...
Starting extraction of log entries...
Opening binary log file...
Opened binary log file.
Processing records...
Found warning record.
Type: Warning
Code: CS8600
Message: Converting null literal or possible null value to non-nullable type.
File path: \TestSupportProjects\ProjectWithWarnings\Program.cs
Line Number: 1
Found warning record.
Type: Warning
Code: CS0219
Message: The variable 'firstAndSecondWarning' is assigned but its value is never used
File path: \TestSupportProjects\ProjectWithWarnings\Program.cs
Line Number: 1
Processed N record(s).
Completed extraction in elapsed time.
Found 0 error(s) and 2 warning(s).
Generating Badge report...
Generated report in elapsed time.
Saving report to \ProjectWithWarnings.
Saved report.
Generating Html report...
Generated report in elapsed time.
Saving report to \ProjectWithWarnings.
Saved report.
Generating Json report...
Generated report in elapsed time.
Saving report to \ProjectWithWarnings.
Saved report.
Generating Markdown report...
Generated report in elapsed time.
Saving report to \ProjectWithWarnings.
Saved report.
Generating Xml report...
Generated report in elapsed time.
Saving report to \ProjectWithWarnings.
Saved report.
Completed processing in elapsed time.
